// Jest Snapshot v1, https://goo.gl/fbAQLP

exports[`<OrdersContainer /> Should render the OrdersContainer container successfully 1`] = `
<Orders
  addArrayToCart={[Function]}
  formState={
    Object {
      "isLoading": false,
    }
  }
  getMealsInOrder={[Function]}
  getUserOrders={[Function]}
  orders={Object {}}
  setUpdatedOrder={[Function]}
  store={
    Object {
      "clearActions": [Function],
      "dispatch": [Function],
      "getActions": [Function],
      "getState": [Function],
      "replaceReducer": [Function],
      "subscribe": [Function],
    }
  }
  storeSubscription={
    Subscription {
      "listeners": Object {
        "clear": [Function],
        "get": [Function],
        "notify": [Function],
        "subscribe": [Function],
      },
      "onStateChange": [Function],
      "parentSub": undefined,
      "store": Object {
        "clearActions": [Function],
        "dispatch": [Function],
        "getActions": [Function],
        "getState": [Function],
        "replaceReducer": [Function],
        "subscribe": [Function],
      },
      "unsubscribe": [Function],
    }
  }
  user={
    Object {
      "email": "onnassiz@gmail",
      "id": "3a3c499f-803a-4e06-a328-307daff22243",
      "name": "Ben Onah",
      "role": "caterer",
    }
  }
/>
`;
